LAST SEEN   TYPE      REASON              OBJECT                          MESSAGE
25m         Normal    Scheduled           pod/analyst                     Successfully assigned group04/analyst to desktop-control-plane
25m         Normal    Pulling             pod/analyst                     Pulling image "s3lab:1"
25m         Normal    Pulled              pod/analyst                     Successfully pulled image "s3lab:1" in 105ms (1.637s including waiting). Image size: 70203104 bytes.
25m         Normal    Created             pod/analyst                     Container created
25m         Normal    Started             pod/analyst                     Container started
25m         Normal    Scheduled           pod/blocked                     Successfully assigned group04/blocked to desktop-control-plane
25m         Normal    Pulling             pod/blocked                     Pulling image "s3lab:1"
25m         Normal    Pulled              pod/blocked                     Successfully pulled image "s3lab:1" in 88ms (1.088s including waiting). Image size: 70203104 bytes.
25m         Normal    Created             pod/blocked                     Container created
25m         Normal    Started             pod/blocked                     Container started
25m         Normal    Scheduled           pod/ingestor                    Successfully assigned group04/ingestor to desktop-control-plane
25m         Normal    Pulling             pod/ingestor                    Pulling image "s3lab:1"
25m         Normal    Pulled              pod/ingestor                    Successfully pulled image "s3lab:1" in 85ms (2.096s including waiting). Image size: 70203104 bytes.
25m         Normal    Created             pod/ingestor                    Container created
25m         Normal    Started             pod/ingestor                    Container started
30m         Normal    Scheduled           pod/objects-6db89bb7c7-2btxd    Successfully assigned group04/objects-6db89bb7c7-2btxd to desktop-control-plane
30m         Normal    Pulling             pod/objects-6db89bb7c7-2btxd    Pulling image "chrislusf/seaweedfs@sha256:4e61d15fd35994cb1e43e1e553dff106794841fd9a99ade2fc8c8bfce4d7872d"
30m         Normal    Pulled              pod/objects-6db89bb7c7-2btxd    Successfully pulled image "chrislusf/seaweedfs@sha256:4e61d15fd35994cb1e43e1e553dff106794841fd9a99ade2fc8c8bfce4d7872d" in 3.653s (3.653s including waiting). Image size: 193574240 bytes.
30m         Normal    Created             pod/objects-6db89bb7c7-2btxd    Container created
30m         Normal    Started             pod/objects-6db89bb7c7-2btxd    Container started
30m         Normal    SuccessfulCreate    replicaset/objects-6db89bb7c7   Created pod: objects-6db89bb7c7-2btxd
30m         Normal    Killing             pod/objects-7db59fd589-q6l86    Stopping container store
30m         Warning   Unhealthy           pod/objects-7db59fd589-q6l86    Readiness probe failed: dial tcp 10.244.0.5:8333: connect: connection refused
30m         Normal    SuccessfulDelete    replicaset/objects-7db59fd589   Deleted pod: objects-7db59fd589-q6l86
30m         Normal    ScalingReplicaSet   deployment/objects              Scaled down replica set objects-7db59fd589 from 1 to 0
30m         Normal    ScalingReplicaSet   deployment/objects              Scaled up replica set objects-6db89bb7c7 from 0 to 1
25m         Normal    Scheduled           pod/owner                       Successfully assigned group04/owner to desktop-control-plane
25m         Normal    Pulling             pod/owner                       Pulling image "s3lab:1"
25m         Normal    Pulled              pod/owner                       Successfully pulled image "s3lab:1" in 2.833s (2.833s including waiting). Image size: 70203104 bytes.
25m         Normal    Created             pod/owner                       Container created
25m         Normal    Started             pod/owner                       Container started
